// Jest Snapshot v1, https://goo.gl/fbAQLP

exports[`TEST APP renders learn react link 1`] = `
<input
  placeholder="test text"
  type="text"
/>
`;

exports[`TEST APP renders learn react link 2 1`] = `
<div
  style="color: red;"
>
  data
</div>
`;
